
> nestcraft-nextjs@1.0.0 build D:\projects\nestcraft-live
> next build

   Γû▓ Next.js 15.5.14
   - Environments: .env

   Creating an optimized production build ...
node.exe : Found 1 warning 
while optimizing generated 
CSS:
At C:\Users\manis\AppData\R
oaming\npm\pnpm.ps1:24 
char:5
+     & "node$exe"  "$based
ir/node_modules/pnpm/bin/pn
pm.cjs" $args
+     ~~~~~~~~~~~~~~~~~~~~~
~~~~~~~~~~~~~~~~~~~~~~~~~~~
~~~~~~~~~~~~~
    + CategoryInfo         
     : NotSpecified: (F    
ound 1 warning... gen    
erated CSS::String) [    
], RemoteException
    + FullyQualifiedError  
  Id : NativeCommandErr    
or
 

[2mΓöé   }[22m
[2mΓöé }[22m
[2mΓöé[22m @import url('h
ttps://fonts.googleapis.com
/css2?family=Inter:wght@300
;400;500;600;700;800;900&fa
mily=Cormorant+Garamond:ita
l,wght@0,500;0,600;0,700;1,
400&display=swap');
[2mΓöå[22m        
[33m[2m^--[22m @import 
rules must precede all 
rules aside from @charset 
and @layer statements[39m
[2mΓöå[22m
[2mΓöé @property 
--tw-animation-delay {[22m
[2mΓöé   syntax: "*";[22m

 Γ£ô Compiled successfully in 13.4s
   Linting and checking validity of types ...
   Collecting page data ...
   Generating static pages (0/38) ...
   Generating static pages (9/38) 
   Generating static pages (18/38) 
   Generating static pages (28/38) 
 Γ£ô Generating static pages (38/38)
   Finalizing page optimization ...
   Collecting build traces ...

Route (app)                                 Size  First Load JS
Γöî Γùï /                                    11.3 kB         181 kB
Γö£ Γùï /_not-found                            179 B         103 kB
Γö£ ╞Æ /[slug]                              2.74 kB         117 kB
Γö£ Γùï /about                               5.27 kB         172 kB
Γö£ ╞Æ /admin                                109 kB         221 kB
Γö£ ╞Æ /admin/account-settings              5.18 kB         108 kB
Γö£ ╞Æ /admin/attributes                    3.95 kB         145 kB
Γö£ ╞Æ /admin/categories                    8.65 kB         169 kB
Γö£ Γùï /admin/login                         1.37 kB         118 kB
Γö£ ╞Æ /admin/media                           271 B         149 kB
Γö£ ╞Æ /admin/orders                        4.12 kB         124 kB
Γö£ ╞Æ /admin/pages                         5.43 kB         130 kB
Γö£ ╞Æ /admin/pages/[id]/edit                 932 B         218 kB
Γö£ ╞Æ /admin/pages/new                       624 B         218 kB
Γö£ ╞Æ /admin/products                      3.61 kB         145 kB
Γö£ ╞Æ /admin/products/[id]/edit              149 B         193 kB
Γö£ ╞Æ /admin/products/new                    149 B         193 kB
Γö£ ╞Æ /admin/variants                      4.39 kB         125 kB
Γö£ ╞Æ /api/admin/login                       179 B         103 kB
Γö£ ╞Æ /api/admin/media                       179 B         103 kB
Γö£ ╞Æ /api/admin/tenants                     179 B         103 kB
Γö£ ╞Æ /api/comments                          179 B         103 kB
Γö£ ╞Æ /api/ecommerce/attributes              179 B         103 kB
Γö£ ╞Æ /api/ecommerce/attributes/bulk         179 B         103 kB
Γö£ ╞Æ /api/ecommerce/categories              179 B         103 kB
Γö£ ╞Æ /api/ecommerce/categories/bulk         179 B         103 kB
Γö£ ╞Æ /api/ecommerce/orders                  179 B         103 kB
Γö£ ╞Æ /api/ecommerce/orders/[id]             179 B         103 kB
Γö£ ╞Æ /api/ecommerce/products                179 B         103 kB
Γö£ ╞Æ /api/ecommerce/products/[id]           179 B         103 kB
Γö£ ╞Æ /api/ecommerce/products/bulk           179 B         103 kB
Γö£ ╞Æ /api/ecommerce/upload                  179 B         103 kB
Γö£ ╞Æ /api/ecommerce/variants                179 B         103 kB
Γö£ ╞Æ /api/pages                             179 B         103 kB
Γö£ ╞Æ /api/pages/[id]                        179 B         103 kB
Γö£ Γùï /blog                                2.89 kB         145 kB
Γö£ Γùï /cart                                4.53 kB         160 kB
Γö£ ╞Æ /category/[id]                         849 B         175 kB
Γö£ Γùï /checkout                            5.82 kB         161 kB
Γö£ Γùï /contact                              3.7 kB         170 kB
Γö£ Γùï /faq                                 4.72 kB         147 kB
Γö£ ╞Æ /product/[id]                        8.39 kB         164 kB
Γö£ Γùï /services                            3.06 kB         145 kB
Γöö Γùï /shop                                  188 B         175 kB
+ First Load JS shared by all             102 kB
  Γö£ chunks/1603-6130d55553e08899.js      46.1 kB
  Γö£ chunks/38cfe05e-a9a52c9e89cdde4c.js  54.2 kB
  Γöö other shared chunks (total)          2.06 kB


Γùï  (Static)   prerendered as static content
╞Æ  (Dynamic)  server-rendered on demand

